// Jest Snapshot v1, https://goo.gl/fbAQLP

exports[`Comments container renders correctly if data fetched 1`] = `
<div
  className="comment-block"
>
  <div
    className="comment-item-block"
  >
    <div
      className="comment-parent-block"
    >
      <div
        className="comment-item-header-block"
      >
        <p
          className="comment-item"
        >
          by: 
          georgeburdell
        </p>
        <p
          className="comment-item"
        >
          at: 
          18.02.2022, 19:45
        </p>
      </div>
      <p
        className="comment-item-text"
        dangerouslySetInnerHTML={
          Object {
            "__html": "Not unexpected.  He’s been building his own brand (TechTechPotato) on YouTube for a while.",
          }
        }
      />
    </div>
    <button
      className="comment-show-more-block"
      onClick={[Function]}
      type="button"
    >
      show more
    </button>
  </div>
  <div
    className="comment-item-block"
  >
    <div
      className="comment-parent-block"
    >
      <div
        className="comment-item-header-block"
      >
        <p
          className="comment-item"
        >
          by: 
          Katydid
        </p>
        <p
          className="comment-item"
        >
          at: 
          18.02.2022, 21:22
        </p>
      </div>
      <p
        className="comment-item-text"
        dangerouslySetInnerHTML={
          Object {
            "__html": "Cheers to the best in the business, here&#x27;s wishing Ian incredible success. Thanks for so much great reporting and analysis over the years. Few understand how challenging such a job is, having your daily work product (which has to balance technical depth and reader appeal) on stage for the world to grill, year in and out. Ian nailed it with depth, energy, and humor. Can&#x27;t wait to see what&#x27;s next from the good Dr. Cutress. - N",
          }
        }
      />
    </div>
  </div>
</div>
`;

exports[`Comments container renders correctly if data is fetching 1`] = `
<div
  className="comment-block"
>
  
</div>
`;
